PLEASE STOP
  Logical volume "vm-102-disk-0" successfully removed
  Using default stripesize 64.00 KiB.
  Logical volume "vm-102-disk-0" created.
mke2fs 1.43.4 (31-Jan-2017)
Discarding device blocks:    4096/1048576               done                            
Creating filesystem with 1048576 4k blocks and 262144 inodes
Filesystem UUID: 6604fad7-fa46-4279-b0f5-59a1ef523b6f
Superblock backups stored on blocks: 
	32768, 98304, 163840, 229376, 294912, 819200, 884736

Allocating group tables:  0/32     done                            
Writing inode tables:  0/32     done                            
Creating journal (16384 blocks): done
Multiple mount protection is enabled with update interval 5 seconds.
Writing superblocks and filesystem accounting information:  0/32     done

extracting archive '/var/lib/vz/template/cache/ubuntu-16.04-standard_16.04-1_amd64.tar.gz'
Total bytes read: 563712000 (538MiB, 6.5MiB/s)
Detected container architecture: amd64
Creating SSH host key 'ssh_host_rsa_key' - this may take some time ...
done: SHA256:V5R8Wl4DzBFm+lKzFKhZkuY49o/6MblaFp2ZlPvdcKU root@localhost
Creating SSH host key 'ssh_host_ed25519_key' - this may take some time ...
done: SHA256:s0exyz3zXUv6bF8uVqcERwWHU62aXmWl6717Nm941T8 root@localhost
Creating SSH host key 'ssh_host_ecdsa_key' - this may take some time ...
done: SHA256:2FKHx7zok0LEw51WmVyzUjWeDAVnQawVUDYoFiTzM9M root@localhost
Creating SSH host key 'ssh_host_dsa_key' - this may take some time ...
done: SHA256:Ek/dSwvervii2vePjOEt6zYCO+KpJeU31f94l2hg0Xw root@localhost
mounted CT 102 in '/var/lib/lxc/102/rootfs'
mounted CT 102 in '/var/lib/lxc/102/rootfs'
CONTAINS PAM_UNIX: 0
CONTAINS PAM_UNIX: 0
CONTAINS PAM_UNIX: 0
CONTAINS PAM_UNIX: 0
CONTAINS PAM_UNIX: 0
CONTAINS PAM_UNIX: 0
CONTAINS PAM_UNIX: 0
2019-07-07 11:18:59.077 - [Info] MITM Version: 1.26
2019-07-07 11:18:59.086 - [Info] Auto Access Enabled: true
2019-07-07 11:18:59.086 - [Debug] [Init] Auto Access Barrier: true
2019-07-07 11:18:59.251 - [Info] SSH man-in-the-middle server for 172.20.0.3 listening on 0.0.0.0:10000
